<?xml version="1.0" encoding="ISO-8859-1" ?>
<link_info>
   <banner>TMS320C2000 Linker PC v22.6.1A23259</banner>
   <copyright>Copyright (c) 1996-2018 Texas Instruments Incorporated</copyright>
   <link_time>0x663f193e</link_time>
   <link_errors>0x0</link_errors>
   <output_file>Example_2833xAdcToDMA.out</output_file>
   <entry_point>
      <name>code_start</name>
      <address>0x0</address>
   </entry_point>
   <input_file_list>
      <input_file id="fl-4">
         <path>.\</path>
         <kind>object</kind>
         <file>DSP2833x_ADC_cal.obj</file>
         <name>DSP2833x_ADC_cal.obj</name>
      </input_file>
      <input_file id="fl-5">
         <path>.\</path>
         <kind>object</kind>
         <file>DSP2833x_Adc.obj</file>
         <name>DSP2833x_Adc.obj</name>
      </input_file>
      <input_file id="fl-6">
         <path>.\</path>
         <kind>object</kind>
         <file>DSP2833x_CodeStartBranch.obj</file>
         <name>DSP2833x_CodeStartBranch.obj</name>
      </input_file>
      <input_file id="fl-7">
         <path>.\</path>
         <kind>object</kind>
         <file>DSP2833x_DMA.obj</file>
         <name>DSP2833x_DMA.obj</name>
      </input_file>
      <input_file id="fl-8">
         <path>.\</path>
         <kind>object</kind>
         <file>DSP2833x_DefaultIsr.obj</file>
         <name>DSP2833x_DefaultIsr.obj</name>
      </input_file>
      <input_file id="fl-9">
         <path>.\</path>
         <kind>object</kind>
         <file>DSP2833x_GlobalVariableDefs.obj</file>
         <name>DSP2833x_GlobalVariableDefs.obj</name>
      </input_file>
      <input_file id="fl-a">
         <path>.\</path>
         <kind>object</kind>
         <file>DSP2833x_PieCtrl.obj</file>
         <name>DSP2833x_PieCtrl.obj</name>
      </input_file>
      <input_file id="fl-b">
         <path>.\</path>
         <kind>object</kind>
         <file>DSP2833x_PieVect.obj</file>
         <name>DSP2833x_PieVect.obj</name>
      </input_file>
      <input_file id="fl-c">
         <path>.\</path>
         <kind>object</kind>
         <file>DSP2833x_SysCtrl.obj</file>
         <name>DSP2833x_SysCtrl.obj</name>
      </input_file>
      <input_file id="fl-d">
         <path>.\</path>
         <kind>object</kind>
         <file>DSP2833x_usDelay.obj</file>
         <name>DSP2833x_usDelay.obj</name>
      </input_file>
      <input_file id="fl-e">
         <path>.\</path>
         <kind>object</kind>
         <file>Example_2833xAdcToDMA.obj</file>
         <name>Example_2833xAdcToDMA.obj</name>
      </input_file>
      <input_file id="fl-f">
         <path>.\</path>
         <kind>object</kind>
         <file>dsp_rfft_adc.obj</file>
         <name>dsp_rfft_adc.obj</name>
      </input_file>
      <input_file id="fl-10">
         <path>.\</path>
         <kind>object</kind>
         <file>golden.obj</file>
         <name>golden.obj</name>
      </input_file>
      <input_file id="fl-11">
         <path>.\</path>
         <kind>object</kind>
         <file>input.obj</file>
         <name>input.obj</name>
      </input_file>
      <input_file id="fl-12">
         <path>.\FPU\source\fpu32\fft\</path>
         <kind>object</kind>
         <file>CFFT_f32.obj</file>
         <name>CFFT_f32.obj</name>
      </input_file>
      <input_file id="fl-13">
         <path>.\FPU\source\fpu32\fft\</path>
         <kind>object</kind>
         <file>CFFT_f32_mag.obj</file>
         <name>CFFT_f32_mag.obj</name>
      </input_file>
      <input_file id="fl-14">
         <path>.\FPU\source\fpu32\fft\</path>
         <kind>object</kind>
         <file>CFFT_f32_phase.obj</file>
         <name>CFFT_f32_phase.obj</name>
      </input_file>
      <input_file id="fl-15">
         <path>.\FPU\source\fpu32\fft\</path>
         <kind>object</kind>
         <file>CFFT_f32_sincostable.obj</file>
         <name>CFFT_f32_sincostable.obj</name>
      </input_file>
      <input_file id="fl-16">
         <path>.\FPU\source\fpu32\fft\</path>
         <kind>object</kind>
         <file>CFFT_f32_twiddleFactors.obj</file>
         <name>CFFT_f32_twiddleFactors.obj</name>
      </input_file>
      <input_file id="fl-17">
         <path>.\FPU\source\fpu32\fft\</path>
         <kind>object</kind>
         <file>CFFT_f32_win.obj</file>
         <name>CFFT_f32_win.obj</name>
      </input_file>
      <input_file id="fl-18">
         <path>.\FPU\source\fpu32\fft\</path>
         <kind>object</kind>
         <file>CFFT_f32i.obj</file>
         <name>CFFT_f32i.obj</name>
      </input_file>
      <input_file id="fl-19">
         <path>.\FPU\source\fpu32\fft\</path>
         <kind>object</kind>
         <file>CFFT_f32it.obj</file>
         <name>CFFT_f32it.obj</name>
      </input_file>
      <input_file id="fl-1a">
         <path>.\FPU\source\fpu32\fft\</path>
         <kind>object</kind>
         <file>CFFT_f32s_mag.obj</file>
         <name>CFFT_f32s_mag.obj</name>
      </input_file>
      <input_file id="fl-1b">
         <path>.\FPU\source\fpu32\fft\</path>
         <kind>object</kind>
         <file>CFFT_f32t.obj</file>
         <name>CFFT_f32t.obj</name>
      </input_file>
      <input_file id="fl-1c">
         <path>.\FPU\source\fpu32\fft\</path>
         <kind>object</kind>
         <file>CFFT_f32u.obj</file>
         <name>CFFT_f32u.obj</name>
      </input_file>
      <input_file id="fl-1d">
         <path>.\FPU\source\fpu32\fft\</path>
         <kind>object</kind>
         <file>CFFT_f32ut.obj</file>
         <name>CFFT_f32ut.obj</name>
      </input_file>
      <input_file id="fl-1e">
         <path>.\FPU\source\fpu32\fft\</path>
         <kind>object</kind>
         <file>ICFFT_f32.obj</file>
         <name>ICFFT_f32.obj</name>
      </input_file>
      <input_file id="fl-1f">
         <path>.\FPU\source\fpu32\fft\</path>
         <kind>object</kind>
         <file>ICFFT_f32t.obj</file>
         <name>ICFFT_f32t.obj</name>
      </input_file>
      <input_file id="fl-20">
         <path>.\FPU\source\fpu32\fft\</path>
         <kind>object</kind>
         <file>RFFT_adc_f32.obj</file>
         <name>RFFT_adc_f32.obj</name>
      </input_file>
      <input_file id="fl-21">
         <path>.\FPU\source\fpu32\fft\</path>
         <kind>object</kind>
         <file>RFFT_adc_f32u.obj</file>
         <name>RFFT_adc_f32u.obj</name>
      </input_file>
      <input_file id="fl-22">
         <path>.\FPU\source\fpu32\fft\</path>
         <kind>object</kind>
         <file>RFFT_f32.obj</file>
         <name>RFFT_f32.obj</name>
      </input_file>
      <input_file id="fl-23">
         <path>.\FPU\source\fpu32\fft\</path>
         <kind>object</kind>
         <file>RFFT_f32_adc_win.obj</file>
         <name>RFFT_f32_adc_win.obj</name>
      </input_file>
      <input_file id="fl-24">
         <path>.\FPU\source\fpu32\fft\</path>
         <kind>object</kind>
         <file>RFFT_f32_mag.obj</file>
         <name>RFFT_f32_mag.obj</name>
      </input_file>
      <input_file id="fl-25">
         <path>.\FPU\source\fpu32\fft\</path>
         <kind>object</kind>
         <file>RFFT_f32_phase.obj</file>
         <name>RFFT_f32_phase.obj</name>
      </input_file>
      <input_file id="fl-26">
         <path>.\FPU\source\fpu32\fft\</path>
         <kind>object</kind>
         <file>RFFT_f32_sincostable.obj</file>
         <name>RFFT_f32_sincostable.obj</name>
      </input_file>
      <input_file id="fl-27">
         <path>.\FPU\source\fpu32\fft\</path>
         <kind>object</kind>
         <file>RFFT_f32_twiddleFactors.obj</file>
         <name>RFFT_f32_twiddleFactors.obj</name>
      </input_file>
      <input_file id="fl-28">
         <path>.\FPU\source\fpu32\fft\</path>
         <kind>object</kind>
         <file>RFFT_f32_win.obj</file>
         <name>RFFT_f32_win.obj</name>
      </input_file>
      <input_file id="fl-29">
         <path>.\FPU\source\fpu32\fft\</path>
         <kind>object</kind>
         <file>RFFT_f32s_mag.obj</file>
         <name>RFFT_f32s_mag.obj</name>
      </input_file>
      <input_file id="fl-2a">
         <path>.\FPU\source\fpu32\fft\</path>
         <kind>object</kind>
         <file>RFFT_f32u.obj</file>
         <name>RFFT_f32u.obj</name>
      </input_file>
      <input_file id="fl-2b">
         <path>.\FPU\source\fpu32\fft\</path>
         <kind>object</kind>
         <file>cfft_f32_brev.obj</file>
         <name>cfft_f32_brev.obj</name>
      </input_file>
      <input_file id="fl-2c">
         <path>.\FPU\source\fpu32\fft\</path>
         <kind>object</kind>
         <file>cfft_f32_pack.obj</file>
         <name>cfft_f32_pack.obj</name>
      </input_file>
      <input_file id="fl-2d">
         <path>.\FPU\source\fpu32\fft\</path>
         <kind>object</kind>
         <file>cfft_f32_unpack.obj</file>
         <name>cfft_f32_unpack.obj</name>
      </input_file>
      <input_file id="fl-2e">
         <path>.\FPU\source\fpu32\filter\</path>
         <kind>object</kind>
         <file>FIR_f32.obj</file>
         <name>FIR_f32.obj</name>
      </input_file>
      <input_file id="fl-2f">
         <path>.\FPU\source\fpu32\filter\</path>
         <kind>object</kind>
         <file>iir_f32.obj</file>
         <name>iir_f32.obj</name>
      </input_file>
      <input_file id="fl-30">
         <path>.\FPU\source\fpu32\utility\</path>
         <kind>object</kind>
         <file>memcpy_fast.obj</file>
         <name>memcpy_fast.obj</name>
      </input_file>
      <input_file id="fl-31">
         <path>.\FPU\source\fpu32\utility\</path>
         <kind>object</kind>
         <file>memcpy_fast_far.obj</file>
         <name>memcpy_fast_far.obj</name>
      </input_file>
      <input_file id="fl-32">
         <path>.\FPU\source\fpu32\utility\</path>
         <kind>object</kind>
         <file>memset_fast.obj</file>
         <name>memset_fast.obj</name>
      </input_file>
      <input_file id="fl-33">
         <path>.\FPU\source\fpu32\vector\</path>
         <kind>object</kind>
         <file>abs_SP_CV.obj</file>
         <name>abs_SP_CV.obj</name>
      </input_file>
      <input_file id="fl-34">
         <path>.\FPU\source\fpu32\vector\</path>
         <kind>object</kind>
         <file>abs_SP_CV_2.obj</file>
         <name>abs_SP_CV_2.obj</name>
      </input_file>
      <input_file id="fl-35">
         <path>.\FPU\source\fpu32\vector\</path>
         <kind>object</kind>
         <file>add_SP_CSxCV.obj</file>
         <name>add_SP_CSxCV.obj</name>
      </input_file>
      <input_file id="fl-36">
         <path>.\FPU\source\fpu32\vector\</path>
         <kind>object</kind>
         <file>add_SP_CVxCV.obj</file>
         <name>add_SP_CVxCV.obj</name>
      </input_file>
      <input_file id="fl-37">
         <path>.\FPU\source\fpu32\vector\</path>
         <kind>object</kind>
         <file>iabs_SP_CV.obj</file>
         <name>iabs_SP_CV.obj</name>
      </input_file>
      <input_file id="fl-38">
         <path>.\FPU\source\fpu32\vector\</path>
         <kind>object</kind>
         <file>iabs_SP_CV_2.obj</file>
         <name>iabs_SP_CV_2.obj</name>
      </input_file>
      <input_file id="fl-39">
         <path>.\FPU\source\fpu32\vector\</path>
         <kind>object</kind>
         <file>mac_SP_CVxCV.obj</file>
         <name>mac_SP_CVxCV.obj</name>
      </input_file>
      <input_file id="fl-3a">
         <path>.\FPU\source\fpu32\vector\</path>
         <kind>object</kind>
         <file>mac_SP_RVxCV.obj</file>
         <name>mac_SP_RVxCV.obj</name>
      </input_file>
      <input_file id="fl-3b">
         <path>.\FPU\source\fpu32\vector\</path>
         <kind>object</kind>
         <file>mac_SP_i16RVxCV.obj</file>
         <name>mac_SP_i16RVxCV.obj</name>
      </input_file>
      <input_file id="fl-3c">
         <path>.\FPU\source\fpu32\vector\</path>
         <kind>object</kind>
         <file>maxidx_SP_RV_2.obj</file>
         <name>maxidx_SP_RV_2.obj</name>
      </input_file>
      <input_file id="fl-3d">
         <path>.\FPU\source\fpu32\vector\</path>
         <kind>object</kind>
         <file>mean_SP_CV_2.obj</file>
         <name>mean_SP_CV_2.obj</name>
      </input_file>
      <input_file id="fl-3e">
         <path>.\FPU\source\fpu32\vector\</path>
         <kind>object</kind>
         <file>median_SP_RV.obj</file>
         <name>median_SP_RV.obj</name>
      </input_file>
      <input_file id="fl-3f">
         <path>.\FPU\source\fpu32\vector\</path>
         <kind>object</kind>
         <file>median_noreorder_SP_RV.obj</file>
         <name>median_noreorder_SP_RV.obj</name>
      </input_file>
      <input_file id="fl-40">
         <path>.\FPU\source\fpu32\vector\</path>
         <kind>object</kind>
         <file>mpy_SP_CSxCS.obj</file>
         <name>mpy_SP_CSxCS.obj</name>
      </input_file>
      <input_file id="fl-41">
         <path>.\FPU\source\fpu32\vector\</path>
         <kind>object</kind>
         <file>mpy_SP_CVxCV.obj</file>
         <name>mpy_SP_CVxCV.obj</name>
      </input_file>
      <input_file id="fl-42">
         <path>.\FPU\source\fpu32\vector\</path>
         <kind>object</kind>
         <file>mpy_SP_CVxCVC.obj</file>
         <name>mpy_SP_CVxCVC.obj</name>
      </input_file>
      <input_file id="fl-43">
         <path>.\FPU\source\fpu32\vector\</path>
         <kind>object</kind>
         <file>mpy_SP_RMxRM.obj</file>
         <name>mpy_SP_RMxRM.obj</name>
      </input_file>
      <input_file id="fl-44">
         <path>.\FPU\source\fpu32\vector\</path>
         <kind>object</kind>
         <file>mpy_SP_RMxRM_2.obj</file>
         <name>mpy_SP_RMxRM_2.obj</name>
      </input_file>
      <input_file id="fl-45">
         <path>.\FPU\source\fpu32\vector\</path>
         <kind>object</kind>
         <file>mpy_SP_RSxRV_2.obj</file>
         <name>mpy_SP_RSxRV_2.obj</name>
      </input_file>
      <input_file id="fl-46">
         <path>.\FPU\source\fpu32\vector\</path>
         <kind>object</kind>
         <file>mpy_SP_RSxRVxRV_2.obj</file>
         <name>mpy_SP_RSxRVxRV_2.obj</name>
      </input_file>
      <input_file id="fl-47">
         <path>.\FPU\source\fpu32\vector\</path>
         <kind>object</kind>
         <file>mpy_SP_RVxCV.obj</file>
         <name>mpy_SP_RVxCV.obj</name>
      </input_file>
      <input_file id="fl-48">
         <path>.\FPU\source\fpu32\vector\</path>
         <kind>object</kind>
         <file>mpy_SP_RVxRV_2.obj</file>
         <name>mpy_SP_RVxRV_2.obj</name>
      </input_file>
      <input_file id="fl-49">
         <path>.\FPU\source\fpu32\vector\</path>
         <kind>object</kind>
         <file>qsort_SP_RV.obj</file>
         <name>qsort_SP_RV.obj</name>
      </input_file>
      <input_file id="fl-4a">
         <path>.\FPU\source\fpu32\vector\</path>
         <kind>object</kind>
         <file>rnd_SP_RS.obj</file>
         <name>rnd_SP_RS.obj</name>
      </input_file>
      <input_file id="fl-4b">
         <path>.\FPU\source\fpu32\vector\</path>
         <kind>object</kind>
         <file>sub_SP_CSxCV.obj</file>
         <name>sub_SP_CSxCV.obj</name>
      </input_file>
      <input_file id="fl-4c">
         <path>.\FPU\source\fpu32\vector\</path>
         <kind>object</kind>
         <file>sub_SP_CVxCV.obj</file>
         <name>sub_SP_CVxCV.obj</name>
      </input_file>
      <input_file id="fl-52">
         <kind>object</kind>
         <file>&lt;internal&gt;</file>
         <name>&lt;internal&gt;</name>
      </input_file>
      <input_file id="fl-56">
         <path>C:\ti\ccstheia131\ccs\tools\compiler\ti-cgt-c2000_22.6.1A23259\lib\</path>
         <kind>archive</kind>
         <file>rts2800_fpu32.lib</file>
         <name>fs_div28.asm.obj</name>
      </input_file>
      <input_file id="fl-57">
         <path>C:\ti\ccstheia131\ccs\tools\compiler\ti-cgt-c2000_22.6.1A23259\lib\</path>
         <kind>archive</kind>
         <file>rts2800_fpu32.lib</file>
         <name>e_atan2f.c.obj</name>
      </input_file>
      <input_file id="fl-58">
         <path>C:\ti\ccstheia131\ccs\tools\compiler\ti-cgt-c2000_22.6.1A23259\lib\</path>
         <kind>archive</kind>
         <file>rts2800_fpu32.lib</file>
         <name>s_atanf.c.obj</name>
      </input_file>
      <input_file id="fl-59">
         <path>C:\ti\ccstheia131\ccs\tools\compiler\ti-cgt-c2000_22.6.1A23259\lib\</path>
         <kind>archive</kind>
         <file>rts2800_fpu32.lib</file>
         <name>boot28.asm.obj</name>
      </input_file>
      <input_file id="fl-5a">
         <path>C:\ti\ccstheia131\ccs\tools\compiler\ti-cgt-c2000_22.6.1A23259\lib\</path>
         <kind>archive</kind>
         <file>rts2800_fpu32.lib</file>
         <name>args_main.c.obj</name>
      </input_file>
      <input_file id="fl-5b">
         <path>C:\ti\ccstheia131\ccs\tools\compiler\ti-cgt-c2000_22.6.1A23259\lib\</path>
         <kind>archive</kind>
         <file>rts2800_fpu32.lib</file>
         <name>startup.c.obj</name>
      </input_file>
      <input_file id="fl-5c">
         <path>C:\ti\ccstheia131\ccs\tools\compiler\ti-cgt-c2000_22.6.1A23259\lib\</path>
         <kind>archive</kind>
         <file>rts2800_fpu32.lib</file>
         <name>pre_init.c.obj</name>
      </input_file>
      <input_file id="fl-5d">
         <path>C:\ti\ccstheia131\ccs\tools\compiler\ti-cgt-c2000_22.6.1A23259\lib\</path>
         <kind>archive</kind>
         <file>rts2800_fpu32.lib</file>
         <name>cpy_tbl.c.obj</name>
      </input_file>
      <input_file id="fl-5e">
         <path>C:\ti\ccstheia131\ccs\tools\compiler\ti-cgt-c2000_22.6.1A23259\lib\</path>
         <kind>archive</kind>
         <file>rts2800_fpu32.lib</file>
         <name>s_cosf.c.obj</name>
      </input_file>
      <input_file id="fl-5f">
         <path>C:\ti\ccstheia131\ccs\tools\compiler\ti-cgt-c2000_22.6.1A23259\lib\</path>
         <kind>archive</kind>
         <file>rts2800_fpu32.lib</file>
         <name>exit.c.obj</name>
      </input_file>
      <input_file id="fl-60">
         <path>C:\ti\ccstheia131\ccs\tools\compiler\ti-cgt-c2000_22.6.1A23259\lib\</path>
         <kind>archive</kind>
         <file>rts2800_fpu32.lib</file>
         <name>_lock.c.obj</name>
      </input_file>
      <input_file id="fl-61">
         <path>C:\ti\ccstheia131\ccs\tools\compiler\ti-cgt-c2000_22.6.1A23259\lib\</path>
         <kind>archive</kind>
         <file>rts2800_fpu32.lib</file>
         <name>memcpy.c.obj</name>
      </input_file>
      <input_file id="fl-62">
         <path>C:\ti\ccstheia131\ccs\tools\compiler\ti-cgt-c2000_22.6.1A23259\lib\</path>
         <kind>archive</kind>
         <file>rts2800_fpu32.lib</file>
         <name>memset.c.obj</name>
      </input_file>
      <input_file id="fl-63">
         <path>C:\ti\ccstheia131\ccs\tools\compiler\ti-cgt-c2000_22.6.1A23259\lib\</path>
         <kind>archive</kind>
         <file>rts2800_fpu32.lib</file>
         <name>e_powf.c.obj</name>
      </input_file>
      <input_file id="fl-64">
         <path>C:\ti\ccstheia131\ccs\tools\compiler\ti-cgt-c2000_22.6.1A23259\lib\</path>
         <kind>archive</kind>
         <file>rts2800_fpu32.lib</file>
         <name>errno.c.obj</name>
      </input_file>
      <input_file id="fl-65">
         <path>C:\ti\ccstheia131\ccs\tools\compiler\ti-cgt-c2000_22.6.1A23259\lib\</path>
         <kind>archive</kind>
         <file>rts2800_fpu32.lib</file>
         <name>s_scalbnf.c.obj</name>
      </input_file>
      <input_file id="fl-66">
         <path>C:\ti\ccstheia131\ccs\tools\compiler\ti-cgt-c2000_22.6.1A23259\lib\</path>
         <kind>archive</kind>
         <file>rts2800_fpu32.lib</file>
         <name>s_copysignf.c.obj</name>
      </input_file>
      <input_file id="fl-67">
         <path>C:\ti\ccstheia131\ccs\tools\compiler\ti-cgt-c2000_22.6.1A23259\lib\</path>
         <kind>archive</kind>
         <file>rts2800_fpu32.lib</file>
         <name>s_sinf.c.obj</name>
      </input_file>
      <input_file id="fl-68">
         <path>C:\ti\ccstheia131\ccs\tools\compiler\ti-cgt-c2000_22.6.1A23259\lib\</path>
         <kind>archive</kind>
         <file>rts2800_fpu32.lib</file>
         <name>e_sqrtf.c.obj</name>
      </input_file>
   </input_file_list>
   <object_component_list>
      <object_component id="oc-4c">
         <name>codestart</name>
         <load_address>0x0</load_address>
         <run_address>0x0</run_address>
         <size>0x2</size>
         <input_file_ref idref="fl-6"/>
      </object_component>
      <object_component id="oc-aa">
         <name>.TI.ramfunc</name>
         <load_address>0x8138</load_address>
         <run_address>0x8138</run_address>
         <size>0x4</size>
         <input_file_ref idref="fl-d"/>
      </object_component>
      <object_component id="oc-270">
         <name>.text</name>
         <load_address>0x9000</load_address>
         <run_address>0x9000</run_address>
         <size>0x3e9</size>
         <input_file_ref idref="fl-7"/>
      </object_component>
      <object_component id="oc-252">
         <name>.text</name>
         <load_address>0x93e9</load_address>
         <run_address>0x93e9</run_address>
         <size>0x38c</size>
         <input_file_ref idref="fl-63"/>
      </object_component>
      <object_component id="oc-62">
         <name>.text:retain</name>
         <load_address>0x9775</load_address>
         <run_address>0x9775</run_address>
         <size>0x316</size>
         <input_file_ref idref="fl-8"/>
      </object_component>
      <object_component id="oc-25c">
         <name>.text</name>
         <load_address>0x9a8b</load_address>
         <run_address>0x9a8b</run_address>
         <size>0x1</size>
         <input_file_ref idref="fl-5b"/>
      </object_component>
      <object_component id="oc-f6">
         <name>.text</name>
         <load_address>0x9a8c</load_address>
         <run_address>0x9a8c</run_address>
         <size>0x211</size>
         <input_file_ref idref="fl-1c"/>
      </object_component>
      <object_component id="oc-fc">
         <name>.text</name>
         <load_address>0x9c9e</load_address>
         <run_address>0x9c9e</run_address>
         <size>0x211</size>
         <input_file_ref idref="fl-1d"/>
      </object_component>
      <object_component id="oc-c4">
         <name>.text</name>
         <load_address>0x9eb0</load_address>
         <run_address>0x9eb0</run_address>
         <size>0x13d</size>
         <input_file_ref idref="fl-12"/>
      </object_component>
      <object_component id="oc-25d">
         <name>.text</name>
         <load_address>0x9fed</load_address>
         <run_address>0x9fed</run_address>
         <size>0x12</size>
         <input_file_ref idref="fl-5a"/>
      </object_component>
      <object_component id="oc-f0">
         <name>.text</name>
         <load_address>0xa000</load_address>
         <run_address>0xa000</run_address>
         <size>0x1a1</size>
         <input_file_ref idref="fl-1b"/>
      </object_component>
      <object_component id="oc-102">
         <name>.text</name>
         <load_address>0xa1a2</load_address>
         <run_address>0xa1a2</run_address>
         <size>0x179</size>
         <input_file_ref idref="fl-1e"/>
      </object_component>
      <object_component id="oc-108">
         <name>.text</name>
         <load_address>0xa31c</load_address>
         <run_address>0xa31c</run_address>
         <size>0x179</size>
         <input_file_ref idref="fl-1f"/>
      </object_component>
      <object_component id="oc-26f">
         <name>.text</name>
         <load_address>0xa495</load_address>
         <run_address>0xa495</run_address>
         <size>0x157</size>
         <input_file_ref idref="fl-f"/>
      </object_component>
      <object_component id="oc-10e">
         <name>.text</name>
         <load_address>0xa5ec</load_address>
         <run_address>0xa5ec</run_address>
         <size>0x138</size>
         <input_file_ref idref="fl-20"/>
      </object_component>
      <object_component id="oc-df">
         <name>.text</name>
         <load_address>0xa724</load_address>
         <run_address>0xa724</run_address>
         <size>0x137</size>
         <input_file_ref idref="fl-18"/>
      </object_component>
      <object_component id="oc-e5">
         <name>.text</name>
         <load_address>0xa85c</load_address>
         <run_address>0xa85c</run_address>
         <size>0x137</size>
         <input_file_ref idref="fl-19"/>
      </object_component>
      <object_component id="oc-118">
         <name>.text</name>
         <load_address>0xa994</load_address>
         <run_address>0xa994</run_address>
         <size>0x11d</size>
         <input_file_ref idref="fl-22"/>
      </object_component>
      <object_component id="oc-b2">
         <name>.text:retain</name>
         <load_address>0xaab1</load_address>
         <run_address>0xaab1</run_address>
         <size>0x10e</size>
         <input_file_ref idref="fl-e"/>
      </object_component>
      <object_component id="oc-265">
         <name>.text</name>
         <load_address>0xabbf</load_address>
         <run_address>0xabbf</run_address>
         <size>0x109</size>
         <input_file_ref idref="fl-e"/>
      </object_component>
      <object_component id="oc-137">
         <name>.text</name>
         <load_address>0xacc8</load_address>
         <run_address>0xacc8</run_address>
         <size>0xfe</size>
         <input_file_ref idref="fl-29"/>
      </object_component>
      <object_component id="oc-26c">
         <name>.text</name>
         <load_address>0xadc6</load_address>
         <run_address>0xadc6</run_address>
         <size>0xf7</size>
         <input_file_ref idref="fl-c"/>
      </object_component>
      <object_component id="oc-259">
         <name>.text</name>
         <load_address>0xaebd</load_address>
         <run_address>0xaebd</run_address>
         <size>0xd2</size>
         <input_file_ref idref="fl-57"/>
      </object_component>
      <object_component id="oc-278">
         <name>.text</name>
         <load_address>0xaf8f</load_address>
         <run_address>0xaf8f</run_address>
         <size>0x6d</size>
         <input_file_ref idref="fl-26"/>
      </object_component>
      <object_component id="oc-25a">
         <name>.text</name>
         <load_address>0xaffc</load_address>
         <run_address>0xaffc</run_address>
         <size>0x2</size>
         <input_file_ref idref="fl-5c"/>
      </object_component>
      <object_component id="oc-263">
         <name>.text</name>
         <load_address>0xb000</load_address>
         <run_address>0xb000</run_address>
         <size>0xca</size>
         <input_file_ref idref="fl-58"/>
      </object_component>
      <object_component id="oc-113">
         <name>.text</name>
         <load_address>0xb0ca</load_address>
         <run_address>0xb0ca</run_address>
         <size>0x9e</size>
         <input_file_ref idref="fl-21"/>
      </object_component>
      <object_component id="oc-122">
         <name>.text</name>
         <load_address>0xb168</load_address>
         <run_address>0xb168</run_address>
         <size>0x9c</size>
         <input_file_ref idref="fl-24"/>
      </object_component>
      <object_component id="oc-1eb">
         <name>.text</name>
         <load_address>0xb204</load_address>
         <run_address>0xb204</run_address>
         <size>0x88</size>
         <input_file_ref idref="fl-56"/>
      </object_component>
      <object_component id="oc-13c">
         <name>.text</name>
         <load_address>0xb28c</load_address>
         <run_address>0xb28c</run_address>
         <size>0x85</size>
         <input_file_ref idref="fl-2a"/>
      </object_component>
      <object_component id="oc-eb">
         <name>.text</name>
         <load_address>0xb312</load_address>
         <run_address>0xb312</run_address>
         <size>0x72</size>
         <input_file_ref idref="fl-1a"/>
      </object_component>
      <object_component id="oc-27e">
         <name>.text</name>
         <load_address>0xb384</load_address>
         <run_address>0xb384</run_address>
         <size>0x66</size>
         <input_file_ref idref="fl-67"/>
      </object_component>
      <object_component id="oc-14b">
         <name>.text</name>
         <load_address>0xb3ea</load_address>
         <run_address>0xb3ea</run_address>
         <size>0x65</size>
         <input_file_ref idref="fl-2d"/>
      </object_component>
      <object_component id="oc-27d">
         <name>.text</name>
         <load_address>0xb44f</load_address>
         <run_address>0xb44f</run_address>
         <size>0x63</size>
         <input_file_ref idref="fl-5e"/>
      </object_component>
      <object_component id="oc-ca">
         <name>.text</name>
         <load_address>0xb4b2</load_address>
         <run_address>0xb4b2</run_address>
         <size>0x5f</size>
         <input_file_ref idref="fl-13"/>
      </object_component>
      <object_component id="oc-15f">
         <name>.text</name>
         <load_address>0xb512</load_address>
         <run_address>0xb512</run_address>
         <size>0x5d</size>
         <input_file_ref idref="fl-31"/>
      </object_component>
      <object_component id="oc-16e">
         <name>.text</name>
         <load_address>0xb570</load_address>
         <run_address>0xb570</run_address>
         <size>0x5b</size>
         <input_file_ref idref="fl-34"/>
      </object_component>
      <object_component id="oc-262">
         <name>.text</name>
         <load_address>0xb5cb</load_address>
         <run_address>0xb5cb</run_address>
         <size>0x58</size>
         <input_file_ref idref="fl-65"/>
      </object_component>
      <object_component id="oc-1fc">
         <name>.text</name>
         <load_address>0xb623</load_address>
         <run_address>0xb623</run_address>
         <size>0x56</size>
         <input_file_ref idref="fl-59"/>
      </object_component>
      <object_component id="oc-146">
         <name>.text</name>
         <load_address>0xb67a</load_address>
         <run_address>0xb67a</run_address>
         <size>0x51</size>
         <input_file_ref idref="fl-2c"/>
      </object_component>
      <object_component id="oc-182">
         <name>.text</name>
         <load_address>0xb6cc</load_address>
         <run_address>0xb6cc</run_address>
         <size>0x51</size>
         <input_file_ref idref="fl-38"/>
      </object_component>
      <object_component id="oc-155">
         <name>.text</name>
         <load_address>0xb71e</load_address>
         <run_address>0xb71e</run_address>
         <size>0x4a</size>
         <input_file_ref idref="fl-2f"/>
      </object_component>
      <object_component id="oc-1be">
         <name>.text</name>
         <load_address>0xb768</load_address>
         <run_address>0xb768</run_address>
         <size>0x43</size>
         <input_file_ref idref="fl-44"/>
      </object_component>
      <object_component id="oc-191">
         <name>.text</name>
         <load_address>0xb7ac</load_address>
         <run_address>0xb7ac</run_address>
         <size>0x42</size>
         <input_file_ref idref="fl-3b"/>
      </object_component>
      <object_component id="oc-18c">
         <name>.text</name>
         <load_address>0xb7ee</load_address>
         <run_address>0xb7ee</run_address>
         <size>0x3f</size>
         <input_file_ref idref="fl-3a"/>
      </object_component>
      <object_component id="oc-da">
         <name>.text</name>
         <load_address>0xb82e</load_address>
         <run_address>0xb82e</run_address>
         <size>0x3d</size>
         <input_file_ref idref="fl-17"/>
      </object_component>
      <object_component id="oc-187">
         <name>.text</name>
         <load_address>0xb86c</load_address>
         <run_address>0xb86c</run_address>
         <size>0x39</size>
         <input_file_ref idref="fl-39"/>
      </object_component>
      <object_component id="oc-19b">
         <name>.text</name>
         <load_address>0xb8a6</load_address>
         <run_address>0xb8a6</run_address>
         <size>0x38</size>
         <input_file_ref idref="fl-3d"/>
      </object_component>
      <object_component id="oc-150">
         <name>.text</name>
         <load_address>0xb8de</load_address>
         <run_address>0xb8de</run_address>
         <size>0x37</size>
         <input_file_ref idref="fl-2e"/>
      </object_component>
      <object_component id="oc-1b9">
         <name>.text</name>
         <load_address>0xb916</load_address>
         <run_address>0xb916</run_address>
         <size>0x32</size>
         <input_file_ref idref="fl-43"/>
      </object_component>
      <object_component id="oc-169">
         <name>.text</name>
         <load_address>0xb948</load_address>
         <run_address>0xb948</run_address>
         <size>0x31</size>
         <input_file_ref idref="fl-33"/>
      </object_component>
      <object_component id="oc-17d">
         <name>.text</name>
         <load_address>0xb97a</load_address>
         <run_address>0xb97a</run_address>
         <size>0x2c</size>
         <input_file_ref idref="fl-37"/>
      </object_component>
      <object_component id="oc-1c8">
         <name>.text</name>
         <load_address>0xb9a6</load_address>
         <run_address>0xb9a6</run_address>
         <size>0x2c</size>
         <input_file_ref idref="fl-46"/>
      </object_component>
      <object_component id="oc-25e">
         <name>.text</name>
         <load_address>0xb9d2</load_address>
         <run_address>0xb9d2</run_address>
         <size>0x29</size>
         <input_file_ref idref="fl-5f"/>
      </object_component>
      <object_component id="oc-26d">
         <name>.text</name>
         <load_address>0xb9fb</load_address>
         <run_address>0xb9fb</run_address>
         <size>0x28</size>
         <input_file_ref idref="fl-a"/>
      </object_component>
      <object_component id="oc-253">
         <name>.text</name>
         <load_address>0xba24</load_address>
         <run_address>0xba24</run_address>
         <size>0x27</size>
         <input_file_ref idref="fl-68"/>
      </object_component>
      <object_component id="oc-132">
         <name>.text</name>
         <load_address>0xba4c</load_address>
         <run_address>0xba4c</run_address>
         <size>0x25</size>
         <input_file_ref idref="fl-28"/>
      </object_component>
      <object_component id="oc-141">
         <name>.text</name>
         <load_address>0xba71</load_address>
         <run_address>0xba71</run_address>
         <size>0x24</size>
         <input_file_ref idref="fl-2b"/>
      </object_component>
      <object_component id="oc-25b">
         <name>.text</name>
         <load_address>0xba95</load_address>
         <run_address>0xba95</run_address>
         <size>0x24</size>
         <input_file_ref idref="fl-5d"/>
      </object_component>
      <object_component id="oc-127">
         <name>.text</name>
         <load_address>0xbab9</load_address>
         <run_address>0xbab9</run_address>
         <size>0x23</size>
         <input_file_ref idref="fl-25"/>
      </object_component>
      <object_component id="oc-1d2">
         <name>.text</name>
         <load_address>0xbadc</load_address>
         <run_address>0xbadc</run_address>
         <size>0x21</size>
         <input_file_ref idref="fl-48"/>
      </object_component>
      <object_component id="oc-26e">
         <name>.text</name>
         <load_address>0xbafd</load_address>
         <run_address>0xbafd</run_address>
         <size>0x20</size>
         <input_file_ref idref="fl-b"/>
      </object_component>
      <object_component id="oc-11d">
         <name>.text</name>
         <load_address>0xbb1e</load_address>
         <run_address>0xbb1e</run_address>
         <size>0x1f</size>
         <input_file_ref idref="fl-23"/>
      </object_component>
      <object_component id="oc-178">
         <name>.text</name>
         <load_address>0xbb3e</load_address>
         <run_address>0xbb3e</run_address>
         <size>0x1f</size>
         <input_file_ref idref="fl-36"/>
      </object_component>
      <object_component id="oc-1b4">
         <name>.text</name>
         <load_address>0xbb5e</load_address>
         <run_address>0xbb5e</run_address>
         <size>0x1f</size>
         <input_file_ref idref="fl-42"/>
      </object_component>
      <object_component id="oc-1e6">
         <name>.text</name>
         <load_address>0xbb7e</load_address>
         <run_address>0xbb7e</run_address>
         <size>0x1f</size>
         <input_file_ref idref="fl-4c"/>
      </object_component>
      <object_component id="oc-173">
         <name>.text</name>
         <load_address>0xbb9e</load_address>
         <run_address>0xbb9e</run_address>
         <size>0x1e</size>
         <input_file_ref idref="fl-35"/>
      </object_component>
      <object_component id="oc-1e1">
         <name>.text</name>
         <load_address>0xbbbc</load_address>
         <run_address>0xbbbc</run_address>
         <size>0x1e</size>
         <input_file_ref idref="fl-4b"/>
      </object_component>
      <object_component id="oc-1af">
         <name>.text</name>
         <load_address>0xbbda</load_address>
         <run_address>0xbbda</run_address>
         <size>0x1d</size>
         <input_file_ref idref="fl-41"/>
      </object_component>
      <object_component id="oc-264">
         <name>.text</name>
         <load_address>0xbbf7</load_address>
         <run_address>0xbbf7</run_address>
         <size>0x1d</size>
         <input_file_ref idref="fl-61"/>
      </object_component>
      <object_component id="oc-196">
         <name>.text</name>
         <load_address>0xbc14</load_address>
         <run_address>0xbc14</run_address>
         <size>0x1c</size>
         <input_file_ref idref="fl-3c"/>
      </object_component>
      <object_component id="oc-1cd">
         <name>.text</name>
         <load_address>0xbc30</load_address>
         <run_address>0xbc30</run_address>
         <size>0x1b</size>
         <input_file_ref idref="fl-47"/>
      </object_component>
      <object_component id="oc-1c3">
         <name>.text</name>
         <load_address>0xbc4c</load_address>
         <run_address>0xbc4c</run_address>
         <size>0x18</size>
         <input_file_ref idref="fl-45"/>
      </object_component>
      <object_component id="oc-cf">
         <name>.text</name>
         <load_address>0xbc64</load_address>
         <run_address>0xbc64</run_address>
         <size>0x17</size>
         <input_file_ref idref="fl-14"/>
      </object_component>
      <object_component id="oc-1aa">
         <name>.text</name>
         <load_address>0xbc7b</load_address>
         <run_address>0xbc7b</run_address>
         <size>0x17</size>
         <input_file_ref idref="fl-40"/>
      </object_component>
      <object_component id="oc-1dc">
         <name>.text</name>
         <load_address>0xbc92</load_address>
         <run_address>0xbc92</run_address>
         <size>0x16</size>
         <input_file_ref idref="fl-4a"/>
      </object_component>
      <object_component id="oc-271">
         <name>.text</name>
         <load_address>0xbca8</load_address>
         <run_address>0xbca8</run_address>
         <size>0x14</size>
         <input_file_ref idref="fl-5"/>
      </object_component>
      <object_component id="oc-268">
         <name>.text</name>
         <load_address>0xbcbc</load_address>
         <run_address>0xbcbc</run_address>
         <size>0x11</size>
         <input_file_ref idref="fl-66"/>
      </object_component>
      <object_component id="oc-272">
         <name>.text</name>
         <load_address>0xbccd</load_address>
         <run_address>0xbccd</run_address>
         <size>0x9</size>
         <input_file_ref idref="fl-60"/>
      </object_component>
      <object_component id="oc-57">
         <name>.text</name>
         <load_address>0xbcd6</load_address>
         <run_address>0xbcd6</run_address>
         <size>0x8</size>
         <input_file_ref idref="fl-6"/>
      </object_component>
      <object_component id="oc-15a">
         <name>.text</name>
         <load_address>0xbcde</load_address>
         <run_address>0xbcde</run_address>
         <size>0x7</size>
         <input_file_ref idref="fl-30"/>
      </object_component>
      <object_component id="oc-27b">
         <name>.text</name>
         <load_address>0xbce5</load_address>
         <run_address>0xbce5</run_address>
         <size>0x7</size>
         <input_file_ref idref="fl-62"/>
      </object_component>
      <object_component id="oc-164">
         <name>.text</name>
         <load_address>0xbcec</load_address>
         <run_address>0xbcec</run_address>
         <size>0x6</size>
         <input_file_ref idref="fl-32"/>
      </object_component>
      <object_component id="oc-c1">
         <name>.cinit</name>
         <load_address>0x8000</load_address>
         <run_address>0x8000</run_address>
         <size>0x103</size>
         <input_file_ref idref="fl-11"/>
      </object_component>
      <object_component id="oc-b8">
         <name>.cinit</name>
         <load_address>0x8103</load_address>
         <run_address>0x8103</run_address>
         <size>0x17</size>
         <input_file_ref idref="fl-f"/>
      </object_component>
      <object_component id="oc-21d">
         <name>.cinit</name>
         <load_address>0x811a</load_address>
         <run_address>0x811a</run_address>
         <size>0xe</size>
         <input_file_ref idref="fl-5f"/>
      </object_component>
      <object_component id="oc-267">
         <name>.cinit:__lock</name>
         <load_address>0x8128</load_address>
         <run_address>0x8128</run_address>
         <size>0x5</size>
         <input_file_ref idref="fl-60"/>
      </object_component>
      <object_component id="oc-273">
         <name>.cinit:__unlock</name>
         <load_address>0x812d</load_address>
         <run_address>0x812d</run_address>
         <size>0x5</size>
         <input_file_ref idref="fl-60"/>
      </object_component>
      <object_component id="oc-239">
         <name>.cinit</name>
         <load_address>0x8132</load_address>
         <run_address>0x8132</run_address>
         <size>0x4</size>
         <input_file_ref idref="fl-64"/>
      </object_component>
      <object_component id="oc-1fd">
         <name>.stack</name>
         <uninitialized>true</uninitialized>
         <run_address>0x400</run_address>
         <size>0x0</size>
         <input_file_ref idref="fl-59"/>
      </object_component>
      <object_component id="oc-2d8">
         <name>.stack</name>
         <uninitialized>true</uninitialized>
         <run_address>0x400</run_address>
         <size>0x0</size>
      </object_component>
      <object_component id="oc-27a">
         <name>.ebss:_test_error</name>
         <uninitialized>true</uninitialized>
         <run_address>0xc400</run_address>
         <size>0x200</size>
         <input_file_ref idref="fl-f"/>
      </object_component>
      <object_component id="oc-275">
         <name>.ebss:_test_output</name>
         <uninitialized>true</uninitialized>
         <run_address>0xc600</run_address>
         <size>0x200</size>
         <input_file_ref idref="fl-f"/>
      </object_component>
      <object_component id="oc-277">
         <name>.ebss:_twiddleFactors</name>
         <uninitialized>true</uninitialized>
         <run_address>0xc800</run_address>
         <size>0x200</size>
         <input_file_ref idref="fl-f"/>
      </object_component>
      <object_component id="oc-276">
         <name>.ebss:_test_magnitude_phase</name>
         <uninitialized>true</uninitialized>
         <run_address>0xca00</run_address>
         <size>0x102</size>
         <input_file_ref idref="fl-f"/>
      </object_component>
      <object_component id="oc-b9">
         <name>.ebss</name>
         <uninitialized>true</uninitialized>
         <run_address>0xcb02</run_address>
         <size>0x18</size>
         <input_file_ref idref="fl-f"/>
      </object_component>
      <object_component id="oc-c5">
         <name>.ebss</name>
         <uninitialized>true</uninitialized>
         <run_address>0xcb1a</run_address>
         <size>0x14</size>
         <input_file_ref idref="fl-12"/>
      </object_component>
      <object_component id="oc-251">
         <name>.ebss:_AdcAvg</name>
         <uninitialized>true</uninitialized>
         <run_address>0xcb2e</run_address>
         <size>0x10</size>
         <input_file_ref idref="fl-e"/>
      </object_component>
      <object_component id="oc-266">
         <name>.ebss:__lock</name>
         <uninitialized>true</uninitialized>
         <run_address>0xcb3e</run_address>
         <size>0x2</size>
         <input_file_ref idref="fl-60"/>
      </object_component>
      <object_component id="oc-e0">
         <name>.ebss</name>
         <uninitialized>true</uninitialized>
         <run_address>0xcb40</run_address>
         <size>0x14</size>
         <input_file_ref idref="fl-18"/>
      </object_component>
      <object_component id="oc-e6">
         <name>.ebss</name>
         <uninitialized>true</uninitialized>
         <run_address>0xcb54</run_address>
         <size>0x14</size>
         <input_file_ref idref="fl-19"/>
      </object_component>
      <object_component id="oc-f1">
         <name>.ebss</name>
         <uninitialized>true</uninitialized>
         <run_address>0xcb68</run_address>
         <size>0x14</size>
         <input_file_ref idref="fl-1b"/>
      </object_component>
      <object_component id="oc-b0">
         <name>.ebss</name>
         <uninitialized>true</uninitialized>
         <run_address>0xcb7c</run_address>
         <size>0x4</size>
         <input_file_ref idref="fl-e"/>
      </object_component>
      <object_component id="oc-f7">
         <name>.ebss</name>
         <uninitialized>true</uninitialized>
         <run_address>0xcb80</run_address>
         <size>0x14</size>
         <input_file_ref idref="fl-1c"/>
      </object_component>
      <object_component id="oc-fd">
         <name>.ebss</name>
         <uninitialized>true</uninitialized>
         <run_address>0xcb94</run_address>
         <size>0x14</size>
         <input_file_ref idref="fl-1d"/>
      </object_component>
      <object_component id="oc-103">
         <name>.ebss</name>
         <uninitialized>true</uninitialized>
         <run_address>0xcba8</run_address>
         <size>0x14</size>
         <input_file_ref idref="fl-1e"/>
      </object_component>
      <object_component id="oc-27c">
         <name>.ebss:__unlock</name>
         <uninitialized>true</uninitialized>
         <run_address>0xcbbc</run_address>
         <size>0x2</size>
         <input_file_ref idref="fl-60"/>
      </object_component>
      <object_component id="oc-23a">
         <name>.ebss</name>
         <uninitialized>true</uninitialized>
         <run_address>0xcbbe</run_address>
         <size>0x1</size>
         <input_file_ref idref="fl-64"/>
      </object_component>
      <object_component id="oc-109">
         <name>.ebss</name>
         <uninitialized>true</uninitialized>
         <run_address>0xcbc0</run_address>
         <size>0x14</size>
         <input_file_ref idref="fl-1f"/>
      </object_component>
      <object_component id="oc-255">
         <name>.ebss:_AdcRMS</name>
         <uninitialized>true</uninitialized>
         <run_address>0xcbd4</run_address>
         <size>0x10</size>
         <input_file_ref idref="fl-e"/>
      </object_component>
      <object_component id="oc-254">
         <name>.ebss:_AdcRMSE</name>
         <uninitialized>true</uninitialized>
         <run_address>0xcbe4</run_address>
         <size>0x10</size>
         <input_file_ref idref="fl-e"/>
      </object_component>
      <object_component id="oc-21e">
         <name>.ebss</name>
         <uninitialized>true</uninitialized>
         <run_address>0xcbf4</run_address>
         <size>0x6</size>
         <input_file_ref idref="fl-5f"/>
      </object_component>
      <object_component id="oc-256">
         <name>.ebss:_AdcVoltAvg</name>
         <uninitialized>true</uninitialized>
         <run_address>0xcc00</run_address>
         <size>0x10</size>
         <input_file_ref idref="fl-e"/>
      </object_component>
      <object_component id="oc-258">
         <name>.ebss:_AdcVoltRMS</name>
         <uninitialized>true</uninitialized>
         <run_address>0xcc10</run_address>
         <size>0x10</size>
         <input_file_ref idref="fl-e"/>
      </object_component>
      <object_component id="oc-257">
         <name>.ebss:_AdcVoltRMSE</name>
         <uninitialized>true</uninitialized>
         <run_address>0xcc20</run_address>
         <size>0x10</size>
         <input_file_ref idref="fl-e"/>
      </object_component>
      <object_component id="oc-279">
         <name>.econst:_test_golden</name>
         <load_address>0xd000</load_address>
         <run_address>0xd000</run_address>
         <size>0x404</size>
         <input_file_ref idref="fl-10"/>
      </object_component>
      <object_component id="oc-274">
         <name>.econst:_PieVectTableInit</name>
         <load_address>0xd404</load_address>
         <run_address>0xd404</run_address>
         <size>0x100</size>
         <input_file_ref idref="fl-b"/>
      </object_component>
      <object_component id="oc-233">
         <name>.econst</name>
         <load_address>0xd504</load_address>
         <run_address>0xd504</run_address>
         <size>0x32</size>
         <input_file_ref idref="fl-63"/>
      </object_component>
      <object_component id="oc-1f1">
         <name>.econst</name>
         <load_address>0xd536</load_address>
         <run_address>0xd536</run_address>
         <size>0xc</size>
         <input_file_ref idref="fl-57"/>
      </object_component>
      <object_component id="oc-26b">
         <name>.econst:_aT</name>
         <load_address>0xd542</load_address>
         <run_address>0xd542</run_address>
         <size>0xa</size>
         <input_file_ref idref="fl-58"/>
      </object_component>
      <object_component id="oc-269">
         <name>.econst:_atanhi</name>
         <load_address>0xd54c</load_address>
         <run_address>0xd54c</run_address>
         <size>0x8</size>
         <input_file_ref idref="fl-58"/>
      </object_component>
      <object_component id="oc-26a">
         <name>.econst:_atanlo</name>
         <load_address>0xd554</load_address>
         <run_address>0xd554</run_address>
         <size>0x8</size>
         <input_file_ref idref="fl-58"/>
      </object_component>
      <object_component id="oc-23d">
         <name>.econst</name>
         <load_address>0xd55c</load_address>
         <run_address>0xd55c</run_address>
         <size>0x6</size>
         <input_file_ref idref="fl-65"/>
      </object_component>
      <object_component id="oc-25f">
         <name>.econst:_bp</name>
         <load_address>0xd562</load_address>
         <run_address>0xd562</run_address>
         <size>0x4</size>
         <input_file_ref idref="fl-63"/>
      </object_component>
      <object_component id="oc-261">
         <name>.econst:_dp_h</name>
         <load_address>0xd566</load_address>
         <run_address>0xd566</run_address>
         <size>0x4</size>
         <input_file_ref idref="fl-63"/>
      </object_component>
      <object_component id="oc-260">
         <name>.econst:_dp_l</name>
         <load_address>0xd56a</load_address>
         <run_address>0xd56a</run_address>
         <size>0x4</size>
         <input_file_ref idref="fl-63"/>
      </object_component>
      <object_component id="oc-1f7">
         <name>.econst</name>
         <load_address>0xd56e</load_address>
         <run_address>0xd56e</run_address>
         <size>0x4</size>
         <input_file_ref idref="fl-58"/>
      </object_component>
      <object_component id="oc-b1">
         <name>DMARAML4</name>
         <uninitialized>true</uninitialized>
         <run_address>0xc000</run_address>
         <size>0x400</size>
         <input_file_ref idref="fl-e"/>
      </object_component>
      <object_component id="oc-1fe">
         <name>.reset</name>
         <load_address>0x3fffc0</load_address>
         <run_address>0x3fffc0</run_address>
         <size>0x2</size>
         <input_file_ref idref="fl-59"/>
      </object_component>
      <object_component id="oc-4d">
         <name>.adc_cal</name>
         <load_address>0x380080</load_address>
         <run_address>0x380080</run_address>
         <size>0x7</size>
         <input_file_ref idref="fl-4"/>
      </object_component>
      <object_component id="oc-99">
         <name>PieVectTableFile</name>
         <uninitialized>true</uninitialized>
         <run_address>0xd00</run_address>
         <size>0x100</size>
         <input_file_ref idref="fl-9"/>
      </object_component>
      <object_component id="oc-95">
         <name>DevEmuRegsFile</name>
         <uninitialized>true</uninitialized>
         <run_address>0x880</run_address>
         <size>0xd0</size>
         <input_file_ref idref="fl-9"/>
      </object_component>
      <object_component id="oc-6d">
         <name>FlashRegsFile</name>
         <uninitialized>true</uninitialized>
         <run_address>0xa80</run_address>
         <size>0x8</size>
         <input_file_ref idref="fl-9"/>
      </object_component>
      <object_component id="oc-70">
         <name>CsmRegsFile</name>
         <uninitialized>true</uninitialized>
         <run_address>0xae0</run_address>
         <size>0x10</size>
         <input_file_ref idref="fl-9"/>
      </object_component>
      <object_component id="oc-6f">
         <name>AdcMirrorFile</name>
         <uninitialized>true</uninitialized>
         <run_address>0xb00</run_address>
         <size>0x10</size>
         <input_file_ref idref="fl-9"/>
      </object_component>
      <object_component id="oc-78">
         <name>XintfRegsFile</name>
         <uninitialized>true</uninitialized>
         <run_address>0xb20</run_address>
         <size>0x1e</size>
         <input_file_ref idref="fl-9"/>
      </object_component>
      <object_component id="oc-69">
         <name>CpuTimer0RegsFile</name>
         <uninitialized>true</uninitialized>
         <run_address>0xc00</run_address>
         <size>0x8</size>
         <input_file_ref idref="fl-9"/>
      </object_component>
      <object_component id="oc-6a">
         <name>CpuTimer1RegsFile</name>
         <uninitialized>true</uninitialized>
         <run_address>0xc08</run_address>
         <size>0x8</size>
         <input_file_ref idref="fl-9"/>
      </object_component>
      <object_component id="oc-6b">
         <name>CpuTimer2RegsFile</name>
         <uninitialized>true</uninitialized>
         <run_address>0xc10</run_address>
         <size>0x8</size>
         <input_file_ref idref="fl-9"/>
      </object_component>
      <object_component id="oc-76">
         <name>PieCtrlRegsFile</name>
         <uninitialized>true</uninitialized>
         <run_address>0xce0</run_address>
         <size>0x1a</size>
         <input_file_ref idref="fl-9"/>
      </object_component>
      <object_component id="oc-96">
         <name>DmaRegsFile</name>
         <uninitialized>true</uninitialized>
         <run_address>0x1000</run_address>
         <size>0xe0</size>
         <input_file_ref idref="fl-9"/>
      </object_component>
      <object_component id="oc-88">
         <name>McbspaRegsFile</name>
         <uninitialized>true</uninitialized>
         <run_address>0x5000</run_address>
         <size>0x25</size>
         <input_file_ref idref="fl-9"/>
      </object_component>
      <object_component id="oc-89">
         <name>McbspbRegsFile</name>
         <uninitialized>true</uninitialized>
         <run_address>0x5040</run_address>
         <size>0x25</size>
         <input_file_ref idref="fl-9"/>
      </object_component>
      <object_component id="oc-8b">
         <name>ECanaRegsFile</name>
         <uninitialized>true</uninitialized>
         <run_address>0x6000</run_address>
         <size>0x34</size>
         <input_file_ref idref="fl-9"/>
      </object_component>
      <object_component id="oc-8d">
         <name>ECanaLAMRegsFile</name>
         <uninitialized>true</uninitialized>
         <run_address>0x6040</run_address>
         <size>0x40</size>
         <input_file_ref idref="fl-9"/>
      </object_component>
      <object_component id="oc-97">
         <name>ECanaMboxesFile</name>
         <uninitialized>true</uninitialized>
         <run_address>0x6100</run_address>
         <size>0x100</size>
         <input_file_ref idref="fl-9"/>
      </object_component>
      <object_component id="oc-8e">
         <name>ECanaMOTSRegsFile</name>
         <uninitialized>true</uninitialized>
         <run_address>0x6080</run_address>
         <size>0x40</size>
         <input_file_ref idref="fl-9"/>
      </object_component>
      <object_component id="oc-8f">
         <name>ECanaMOTORegsFile</name>
         <uninitialized>true</uninitialized>
         <run_address>0x60c0</run_address>
         <size>0x40</size>
         <input_file_ref idref="fl-9"/>
      </object_component>
      <object_component id="oc-8c">
         <name>ECanbRegsFile</name>
         <uninitialized>true</uninitialized>
         <run_address>0x6200</run_address>
         <size>0x34</size>
         <input_file_ref idref="fl-9"/>
      </object_component>
      <object_component id="oc-90">
         <name>ECanbLAMRegsFile</name>
         <uninitialized>true</uninitialized>
         <run_address>0x6240</run_address>
         <size>0x40</size>
         <input_file_ref idref="fl-9"/>
      </object_component>
      <object_component id="oc-98">
         <name>ECanbMboxesFile</name>
         <uninitialized>true</uninitialized>
         <run_address>0x6300</run_address>
         <size>0x100</size>
         <input_file_ref idref="fl-9"/>
      </object_component>
      <object_component id="oc-91">
         <name>ECanbMOTSRegsFile</name>
         <uninitialized>true</uninitialized>
         <run_address>0x6280</run_address>
         <size>0x40</size>
         <input_file_ref idref="fl-9"/>
      </object_component>
      <object_component id="oc-92">
         <name>ECanbMOTORegsFile</name>
         <uninitialized>true</uninitialized>
         <run_address>0x62c0</run_address>
         <size>0x40</size>
         <input_file_ref idref="fl-9"/>
      </object_component>
      <object_component id="oc-81">
         <name>EPwm1RegsFile</name>
         <uninitialized>true</uninitialized>
         <run_address>0x6800</run_address>
         <size>0x22</size>
         <input_file_ref idref="fl-9"/>
      </object_component>
      <object_component id="oc-82">
         <name>EPwm2RegsFile</name>
         <uninitialized>true</uninitialized>
         <run_address>0x6840</run_address>
         <size>0x22</size>
         <input_file_ref idref="fl-9"/>
      </object_component>
      <object_component id="oc-83">
         <name>EPwm3RegsFile</name>
         <uninitialized>true</uninitialized>
         <run_address>0x6880</run_address>
         <size>0x22</size>
         <input_file_ref idref="fl-9"/>
      </object_component>
      <object_component id="oc-84">
         <name>EPwm4RegsFile</name>
         <uninitialized>true</uninitialized>
         <run_address>0x68c0</run_address>
         <size>0x22</size>
         <input_file_ref idref="fl-9"/>
      </object_component>
      <object_component id="oc-85">
         <name>EPwm5RegsFile</name>
         <uninitialized>true</uninitialized>
         <run_address>0x6900</run_address>
         <size>0x22</size>
         <input_file_ref idref="fl-9"/>
      </object_component>
      <object_component id="oc-86">
         <name>EPwm6RegsFile</name>
         <uninitialized>true</uninitialized>
         <run_address>0x6940</run_address>
         <size>0x22</size>
         <input_file_ref idref="fl-9"/>
      </object_component>
      <object_component id="oc-79">
         <name>ECap1RegsFile</name>
         <uninitialized>true</uninitialized>
         <run_address>0x6a00</run_address>
         <size>0x20</size>
         <input_file_ref idref="fl-9"/>
      </object_component>
      <object_component id="oc-7a">
         <name>ECap2RegsFile</name>
         <uninitialized>true</uninitialized>
         <run_address>0x6a20</run_address>
         <size>0x20</size>
         <input_file_ref idref="fl-9"/>
      </object_component>
      <object_component id="oc-7b">
         <name>ECap3RegsFile</name>
         <uninitialized>true</uninitialized>
         <run_address>0x6a40</run_address>
         <size>0x20</size>
         <input_file_ref idref="fl-9"/>
      </object_component>
      <object_component id="oc-7c">
         <name>ECap4RegsFile</name>
         <uninitialized>true</uninitialized>
         <run_address>0x6a60</run_address>
         <size>0x20</size>
         <input_file_ref idref="fl-9"/>
      </object_component>
      <object_component id="oc-7d">
         <name>ECap5RegsFile</name>
         <uninitialized>true</uninitialized>
         <run_address>0x6a80</run_address>
         <size>0x20</size>
         <input_file_ref idref="fl-9"/>
      </object_component>
      <object_component id="oc-7e">
         <name>ECap6RegsFile</name>
         <uninitialized>true</uninitialized>
         <run_address>0x6aa0</run_address>
         <size>0x20</size>
         <input_file_ref idref="fl-9"/>
      </object_component>
      <object_component id="oc-93">
         <name>EQep1RegsFile</name>
         <uninitialized>true</uninitialized>
         <run_address>0x6b00</run_address>
         <size>0x40</size>
         <input_file_ref idref="fl-9"/>
      </object_component>
      <object_component id="oc-94">
         <name>EQep2RegsFile</name>
         <uninitialized>true</uninitialized>
         <run_address>0x6b40</run_address>
         <size>0x40</size>
         <input_file_ref idref="fl-9"/>
      </object_component>
      <object_component id="oc-8a">
         <name>GpioCtrlRegsFile</name>
         <uninitialized>true</uninitialized>
         <run_address>0x6f80</run_address>
         <size>0x2e</size>
         <input_file_ref idref="fl-9"/>
      </object_component>
      <object_component id="oc-7f">
         <name>GpioDataRegsFile</name>
         <uninitialized>true</uninitialized>
         <run_address>0x6fc0</run_address>
         <size>0x20</size>
         <input_file_ref idref="fl-9"/>
      </object_component>
      <object_component id="oc-6e">
         <name>GpioIntRegsFile</name>
         <uninitialized>true</uninitialized>
         <run_address>0x6fe0</run_address>
         <size>0xa</size>
         <input_file_ref idref="fl-9"/>
      </object_component>
      <object_component id="oc-80">
         <name>SysCtrlRegsFile</name>
         <uninitialized>true</uninitialized>
         <run_address>0x7010</run_address>
         <size>0x20</size>
         <input_file_ref idref="fl-9"/>
      </object_component>
      <object_component id="oc-74">
         <name>SpiaRegsFile</name>
         <uninitialized>true</uninitialized>
         <run_address>0x7040</run_address>
         <size>0x10</size>
         <input_file_ref idref="fl-9"/>
      </object_component>
      <object_component id="oc-71">
         <name>SciaRegsFile</name>
         <uninitialized>true</uninitialized>
         <run_address>0x7050</run_address>
         <size>0x10</size>
         <input_file_ref idref="fl-9"/>
      </object_component>
      <object_component id="oc-75">
         <name>XIntruptRegsFile</name>
         <uninitialized>true</uninitialized>
         <run_address>0x7070</run_address>
         <size>0x10</size>
         <input_file_ref idref="fl-9"/>
      </object_component>
      <object_component id="oc-77">
         <name>AdcRegsFile</name>
         <uninitialized>true</uninitialized>
         <run_address>0x7100</run_address>
         <size>0x1e</size>
         <input_file_ref idref="fl-9"/>
      </object_component>
      <object_component id="oc-72">
         <name>ScibRegsFile</name>
         <uninitialized>true</uninitialized>
         <run_address>0x7750</run_address>
         <size>0x10</size>
         <input_file_ref idref="fl-9"/>
      </object_component>
      <object_component id="oc-73">
         <name>ScicRegsFile</name>
         <uninitialized>true</uninitialized>
         <run_address>0x7770</run_address>
         <size>0x10</size>
         <input_file_ref idref="fl-9"/>
      </object_component>
      <object_component id="oc-87">
         <name>I2caRegsFile</name>
         <uninitialized>true</uninitialized>
         <run_address>0x7900</run_address>
         <size>0x22</size>
         <input_file_ref idref="fl-9"/>
      </object_component>
      <object_component id="oc-6c">
         <name>CsmPwlFile</name>
         <uninitialized>true</uninitialized>
         <run_address>0x33fff8</run_address>
         <size>0x8</size>
         <input_file_ref idref="fl-9"/>
      </object_component>
      <object_component id="oc-68">
         <name>PartIdRegsFile</name>
         <uninitialized>true</uninitialized>
         <run_address>0x380090</run_address>
         <size>0x1</size>
         <input_file_ref idref="fl-9"/>
      </object_component>
      <object_component id="oc-4e">
         <name>.debug_line</name>
         <load_address>0x0</load_address>
         <run_address>0x0</run_address>
         <size>0x8b</size>
         <input_file_ref idref="fl-4"/>
      </object_component>
      <object_component id="oc-54">
         <name>.debug_line</name>
         <load_address>0x8b</load_address>
         <run_address>0x8b</run_address>
         <size>0x91</size>
         <input_file_ref idref="fl-5"/>
      </object_component>
      <object_component id="oc-58">
         <name>.debug_line</name>
         <load_address>0x11c</load_address>
         <run_address>0x11c</run_address>
         <size>0xa9</size>
         <input_file_ref idref="fl-6"/>
      </object_component>
      <object_component id="oc-5e">
         <name>.debug_line</name>
         <load_address>0x1c5</load_address>
         <run_address>0x1c5</run_address>
         <size>0x54a</size>
         <input_file_ref idref="fl-7"/>
      </object_component>
      <object_component id="oc-64">
         <name>.debug_line</name>
         <load_address>0x70f</load_address>
         <run_address>0x70f</run_address>
         <size>0x794</size>
         <input_file_ref idref="fl-8"/>
      </object_component>
      <object_component id="oc-9d">
         <name>.debug_line</name>
         <load_address>0xea3</load_address>
         <run_address>0xea3</run_address>
         <size>0xc8</size>
         <input_file_ref idref="fl-a"/>
      </object_component>
      <object_component id="oc-a2">
         <name>.debug_line</name>
         <load_address>0xf6b</load_address>
         <run_address>0xf6b</run_address>
         <size>0xaa</size>
         <input_file_ref idref="fl-b"/>
      </object_component>
      <object_component id="oc-a7">
         <name>.debug_line</name>
         <load_address>0x1015</load_address>
         <run_address>0x1015</run_address>
         <size>0x184</size>
         <input_file_ref idref="fl-c"/>
      </object_component>
      <object_component id="oc-ab">
         <name>.debug_line</name>
         <load_address>0x1199</load_address>
         <run_address>0x1199</run_address>
         <size>0x8d</size>
         <input_file_ref idref="fl-d"/>
      </object_component>
      <object_component id="oc-b4">
         <name>.debug_line</name>
         <load_address>0x1226</load_address>
         <run_address>0x1226</run_address>
         <size>0x1ba</size>
         <input_file_ref idref="fl-e"/>
      </object_component>
      <object_component id="oc-bb">
         <name>.debug_line</name>
         <load_address>0x13e0</load_address>
         <run_address>0x13e0</run_address>
         <size>0x244</size>
         <input_file_ref idref="fl-f"/>
      </object_component>
      <object_component id="oc-c6">
         <name>.debug_line</name>
         <load_address>0x1624</load_address>
         <run_address>0x1624</run_address>
         <size>0x155</size>
         <input_file_ref idref="fl-12"/>
      </object_component>
      <object_component id="oc-cb">
         <name>.debug_line</name>
         <load_address>0x1779</load_address>
         <run_address>0x1779</run_address>
         <size>0x8d</size>
         <input_file_ref idref="fl-13"/>
      </object_component>
      <object_component id="oc-d0">
         <name>.debug_line</name>
         <load_address>0x1806</load_address>
         <run_address>0x1806</run_address>
         <size>0x6d</size>
         <input_file_ref idref="fl-14"/>
      </object_component>
      <object_component id="oc-d6">
         <name>.debug_line</name>
         <load_address>0x1873</load_address>
         <run_address>0x1873</run_address>
         <size>0x4f</size>
         <input_file_ref idref="fl-15"/>
      </object_component>
      <object_component id="oc-db">
         <name>.debug_line</name>
         <load_address>0x18c2</load_address>
         <run_address>0x18c2</run_address>
         <size>0x8e</size>
         <input_file_ref idref="fl-17"/>
      </object_component>
      <object_component id="oc-e1">
         <name>.debug_line</name>
         <load_address>0x1950</load_address>
         <run_address>0x1950</run_address>
         <size>0x150</size>
         <input_file_ref idref="fl-18"/>
      </object_component>
      <object_component id="oc-e7">
         <name>.debug_line</name>
         <load_address>0x1aa0</load_address>
         <run_address>0x1aa0</run_address>
         <size>0x150</size>
         <input_file_ref idref="fl-19"/>
      </object_component>
      <object_component id="oc-ec">
         <name>.debug_line</name>
         <load_address>0x1bf0</load_address>
         <run_address>0x1bf0</run_address>
         <size>0x9a</size>
         <input_file_ref idref="fl-1a"/>
      </object_component>
      <object_component id="oc-f2">
         <name>.debug_line</name>
         <load_address>0x1c8a</load_address>
         <run_address>0x1c8a</run_address>
         <size>0x19f</size>
         <input_file_ref idref="fl-1b"/>
      </object_component>
      <object_component id="oc-f8">
         <name>.debug_line</name>
         <load_address>0x1e29</load_address>
         <run_address>0x1e29</run_address>
         <size>0x1fe</size>
         <input_file_ref idref="fl-1c"/>
      </object_component>
      <object_component id="oc-fe">
         <name>.debug_line</name>
         <load_address>0x2027</load_address>
         <run_address>0x2027</run_address>
         <size>0x1fe</size>
         <input_file_ref idref="fl-1d"/>
      </object_component>
      <object_component id="oc-104">
         <name>.debug_line</name>
         <load_address>0x2225</load_address>
         <run_address>0x2225</run_address>
         <size>0x17b</size>
         <input_file_ref idref="fl-1e"/>
      </object_component>
      <object_component id="oc-10a">
         <name>.debug_line</name>
         <load_address>0x23a0</load_address>
         <run_address>0x23a0</run_address>
         <size>0x17b</size>
         <input_file_ref idref="fl-1f"/>
      </object_component>
      <object_component id="oc-10f">
         <name>.debug_line</name>
         <load_address>0x251b</load_address>
         <run_address>0x251b</run_address>
         <size>0x142</size>
         <input_file_ref idref="fl-20"/>
      </object_component>
      <object_component id="oc-114">
         <name>.debug_line</name>
         <load_address>0x265d</load_address>
         <run_address>0x265d</run_address>
         <size>0xcf</size>
         <input_file_ref idref="fl-21"/>
      </object_component>
      <object_component id="oc-119">
         <name>.debug_line</name>
         <load_address>0x272c</load_address>
         <run_address>0x272c</run_address>
         <size>0x138</size>
         <input_file_ref idref="fl-22"/>
      </object_component>
      <object_component id="oc-11f">
         <name>.debug_line</name>
         <load_address>0x2864</load_address>
         <run_address>0x2864</run_address>
         <size>0x79</size>
         <input_file_ref idref="fl-23"/>
      </object_component>
      <object_component id="oc-123">
         <name>.debug_line</name>
         <load_address>0x28dd</load_address>
         <run_address>0x28dd</run_address>
         <size>0xb2</size>
         <input_file_ref idref="fl-24"/>
      </object_component>
      <object_component id="oc-128">
         <name>.debug_line</name>
         <load_address>0x298f</load_address>
         <run_address>0x298f</run_address>
         <size>0x76</size>
         <input_file_ref idref="fl-25"/>
      </object_component>
      <object_component id="oc-12e">
         <name>.debug_line</name>
         <load_address>0x2a05</load_address>
         <run_address>0x2a05</run_address>
         <size>0x98</size>
         <input_file_ref idref="fl-26"/>
      </object_component>
      <object_component id="oc-133">
         <name>.debug_line</name>
         <load_address>0x2a9d</load_address>
         <run_address>0x2a9d</run_address>
         <size>0x6d</size>
         <input_file_ref idref="fl-28"/>
      </object_component>
      <object_component id="oc-138">
         <name>.debug_line</name>
         <load_address>0x2b0a</load_address>
         <run_address>0x2b0a</run_address>
         <size>0xf1</size>
         <input_file_ref idref="fl-29"/>
      </object_component>
      <object_component id="oc-13d">
         <name>.debug_line</name>
         <load_address>0x2bfb</load_address>
         <run_address>0x2bfb</run_address>
         <size>0xc6</size>
         <input_file_ref idref="fl-2a"/>
      </object_component>
      <object_component id="oc-143">
         <name>.debug_line</name>
         <load_address>0x2cc1</load_address>
         <run_address>0x2cc1</run_address>
         <size>0x7b</size>
         <input_file_ref idref="fl-2b"/>
      </object_component>
      <object_component id="oc-148">
         <name>.debug_line</name>
         <load_address>0x2d3c</load_address>
         <run_address>0x2d3c</run_address>
         <size>0x8f</size>
         <input_file_ref idref="fl-2c"/>
      </object_component>
      <object_component id="oc-14d">
         <name>.debug_line</name>
         <load_address>0x2dcb</load_address>
         <run_address>0x2dcb</run_address>
         <size>0x9c</size>
         <input_file_ref idref="fl-2d"/>
      </object_component>
      <object_component id="oc-151">
         <name>.debug_line</name>
         <load_address>0x2e67</load_address>
         <run_address>0x2e67</run_address>
         <size>0x82</size>
         <input_file_ref idref="fl-2e"/>
      </object_component>
      <object_component id="oc-157">
         <name>.debug_line</name>
         <load_address>0x2ee9</load_address>
         <run_address>0x2ee9</run_address>
         <size>0x9a</size>
         <input_file_ref idref="fl-2f"/>
      </object_component>
      <object_component id="oc-15b">
         <name>.debug_line</name>
         <load_address>0x2f83</load_address>
         <run_address>0x2f83</run_address>
         <size>0x61</size>
         <input_file_ref idref="fl-30"/>
      </object_component>
      <object_component id="oc-160">
         <name>.debug_line</name>
         <load_address>0x2fe4</load_address>
         <run_address>0x2fe4</run_address>
         <size>0xae</size>
         <input_file_ref idref="fl-31"/>
      </object_component>
      <object_component id="oc-165">
         <name>.debug_line</name>
         <load_address>0x3092</load_address>
         <run_address>0x3092</run_address>
         <size>0x60</size>
         <input_file_ref idref="fl-32"/>
      </object_component>
      <object_component id="oc-16a">
         <name>.debug_line</name>
         <load_address>0x30f2</load_address>
         <run_address>0x30f2</run_address>
         <size>0x78</size>
         <input_file_ref idref="fl-33"/>
      </object_component>
      <object_component id="oc-16f">
         <name>.debug_line</name>
         <load_address>0x316a</load_address>
         <run_address>0x316a</run_address>
         <size>0x8b</size>
         <input_file_ref idref="fl-34"/>
      </object_component>
      <object_component id="oc-174">
         <name>.debug_line</name>
         <load_address>0x31f5</load_address>
         <run_address>0x31f5</run_address>
         <size>0x6d</size>
         <input_file_ref idref="fl-35"/>
      </object_component>
      <object_component id="oc-179">
         <name>.debug_line</name>
         <load_address>0x3262</load_address>
         <run_address>0x3262</run_address>
         <size>0x6d</size>
         <input_file_ref idref="fl-36"/>
      </object_component>
      <object_component id="oc-17e">
         <name>.debug_line</name>
         <load_address>0x32cf</load_address>
         <run_address>0x32cf</run_address>
         <size>0x76</size>
         <input_file_ref idref="fl-37"/>
      </object_component>
      <object_component id="oc-183">
         <name>.debug_line</name>
         <load_address>0x3345</load_address>
         <run_address>0x3345</run_address>
         <size>0x86</size>
         <input_file_ref idref="fl-38"/>
      </object_component>
      <object_component id="oc-188">
         <name>.debug_line</name>
         <load_address>0x33cb</load_address>
         <run_address>0x33cb</run_address>
         <size>0x79</size>
         <input_file_ref idref="fl-39"/>
      </object_component>
      <object_component id="oc-18d">
         <name>.debug_line</name>
         <load_address>0x3444</load_address>
         <run_address>0x3444</run_address>
         <size>0x80</size>
         <input_file_ref idref="fl-3a"/>
      </object_component>
      <object_component id="oc-192">
         <name>.debug_line</name>
         <load_address>0x34c4</load_address>
         <run_address>0x34c4</run_address>
         <size>0x85</size>
         <input_file_ref idref="fl-3b"/>
      </object_component>
      <object_component id="oc-197">
         <name>.debug_line</name>
         <load_address>0x3549</load_address>
         <run_address>0x3549</run_address>
         <size>0x6f</size>
         <input_file_ref idref="fl-3c"/>
      </object_component>
      <object_component id="oc-19c">
         <name>.debug_line</name>
         <load_address>0x35b8</load_address>
         <run_address>0x35b8</run_address>
         <size>0x7c</size>
         <input_file_ref idref="fl-3d"/>
      </object_component>
      <object_component id="oc-1a2">
         <name>.debug_line</name>
         <load_address>0x3634</load_address>
         <run_address>0x3634</run_address>
         <size>0x4a</size>
         <input_file_ref idref="fl-3e"/>
      </object_component>
      <object_component id="oc-1a7">
         <name>.debug_line</name>
         <load_address>0x367e</load_address>
         <run_address>0x367e</run_address>
         <size>0x54</size>
         <input_file_ref idref="fl-3f"/>
      </object_component>
      <object_component id="oc-1ab">
         <name>.debug_line</name>
         <load_address>0x36d2</load_address>
         <run_address>0x36d2</run_address>
         <size>0x68</size>
         <input_file_ref idref="fl-40"/>
      </object_component>
      <object_component id="oc-1b0">
         <name>.debug_line</name>
         <load_address>0x373a</load_address>
         <run_address>0x373a</run_address>
         <size>0x6c</size>
         <input_file_ref idref="fl-41"/>
      </object_component>
      <object_component id="oc-1b5">
         <name>.debug_line</name>
         <load_address>0x37a6</load_address>
         <run_address>0x37a6</run_address>
         <size>0x6e</size>
         <input_file_ref idref="fl-42"/>
      </object_component>
      <object_component id="oc-1ba">
         <name>.debug_line</name>
         <load_address>0x3814</load_address>
         <run_address>0x3814</run_address>
         <size>0x84</size>
         <input_file_ref idref="fl-43"/>
      </object_component>
      <object_component id="oc-1bf">
[...]
         <value>0xac7f</value>
         <object_component_ref idref="oc-265"/>
      </symbol>
      <symbol id="sm-349">
         <name>_config_ePWM2_to_generate_ADCSOCB</name>
         <value>0xac26</value>
         <object_component_ref idref="oc-265"/>
      </symbol>
      <symbol id="sm-34b">
         <name>_DMABuf1</name>
         <value>0xc000</value>
         <object_component_ref idref="oc-b1"/>
      </symbol>
      <symbol id="sm-34c">
         <name>_enable_ePWM1</name>
         <value>0xac1b</value>
         <object_component_ref idref="oc-265"/>
      </symbol>
      <symbol id="sm-34e">
         <name>_DMADest</name>
         <value>0xcb7c</value>
         <object_component_ref idref="oc-b0"/>
      </symbol>
      <symbol id="sm-34f">
         <name>_AdcVoltAvg</name>
         <value>0xcc00</value>
         <object_component_ref idref="oc-256"/>
      </symbol>
      <symbol id="sm-350">
         <name>_config_ADC</name>
         <value>0xac3f</value>
         <object_component_ref idref="oc-265"/>
      </symbol>
      <symbol id="sm-352">
         <name>_AdcRMS</name>
         <value>0xcbd4</value>
         <object_component_ref idref="oc-255"/>
      </symbol>
      <symbol id="sm-380">
         <name>_hnd_rfft</name>
         <value>0xcb06</value>
         <object_component_ref idref="oc-b9"/>
      </symbol>
      <symbol id="sm-381">
         <name>_DSP_runTest_Init</name>
         <value>0xa4dd</value>
         <object_component_ref idref="oc-26f"/>
      </symbol>
      <symbol id="sm-383">
         <name>_twiddleFactors</name>
         <value>0xc800</value>
         <object_component_ref idref="oc-277"/>
      </symbol>
      <symbol id="sm-384">
         <name>_pass</name>
         <value>0xcb02</value>
         <object_component_ref idref="oc-b9"/>
      </symbol>
      <symbol id="sm-385">
         <name>_fail</name>
         <value>0xcb03</value>
         <object_component_ref idref="oc-b9"/>
      </symbol>
      <symbol id="sm-386">
         <name>_hnd_rfft_adc</name>
         <value>0xcb08</value>
         <object_component_ref idref="oc-b9"/>
      </symbol>
      <symbol id="sm-387">
         <name>_DSP_Example_setupFlash</name>
         <value>0xa5eb</value>
         <object_component_ref idref="oc-26f"/>
      </symbol>
      <symbol id="sm-389">
         <name>_DSP_runTest</name>
         <value>0xa4e0</value>
         <object_component_ref idref="oc-26f"/>
      </symbol>
      <symbol id="sm-38b">
         <name>_tolerance</name>
         <value>0xcb04</value>
         <object_component_ref idref="oc-b9"/>
      </symbol>
      <symbol id="sm-38c">
         <name>_test_error</name>
         <value>0xc400</value>
         <object_component_ref idref="oc-27a"/>
      </symbol>
      <symbol id="sm-38d">
         <name>_test_magnitude_phase</name>
         <value>0xca00</value>
         <object_component_ref idref="oc-276"/>
      </symbol>
      <symbol id="sm-38e">
         <name>_test_output</name>
         <value>0xc600</value>
         <object_component_ref idref="oc-275"/>
      </symbol>
      <symbol id="sm-38f">
         <name>_rfft</name>
         <value>0xcb0e</value>
         <object_component_ref idref="oc-b9"/>
      </symbol>
      <symbol id="sm-390">
         <name>_rfft_adc</name>
         <value>0xcb0a</value>
         <object_component_ref idref="oc-b9"/>
      </symbol>
      <symbol id="sm-398">
         <name>_test_golden</name>
         <value>0xd000</value>
         <object_component_ref idref="oc-279"/>
      </symbol>
      <symbol id="sm-3a3">
         <name>_test_input</name>
         <value>0xcc40</value>
         <object_component_ref idref="oc-c2"/>
      </symbol>
      <symbol id="sm-3d1">
         <name>_CFFT_f32</name>
         <value>0x9eb0</value>
         <object_component_ref idref="oc-c4"/>
      </symbol>
      <symbol id="sm-3df">
         <name>_CFFT_f32_mag</name>
         <value>0xb4b2</value>
         <object_component_ref idref="oc-ca"/>
      </symbol>
      <symbol id="sm-3ec">
         <name>_CFFT_f32_phase</name>
         <value>0xbc64</value>
         <object_component_ref idref="oc-cf"/>
      </symbol>
      <symbol id="sm-3f9">
         <name>_FPU32CFFTtwiddleFactors</name>
         <value>0x8934</value>
         <object_component_ref idref="oc-d9"/>
      </symbol>
      <symbol id="sm-3fa">
         <name>_CFFT_f32_twiddleFactors</name>
         <value>0x8934</value>
         <object_component_ref idref="oc-d9"/>
      </symbol>
      <symbol id="sm-409">
         <name>_CFFT_f32_win_dual</name>
         <value>0xb847</value>
         <object_component_ref idref="oc-da"/>
      </symbol>
      <symbol id="sm-40a">
         <name>_CFFT_f32_win</name>
         <value>0xb82e</value>
         <object_component_ref idref="oc-da"/>
      </symbol>
      <symbol id="sm-438">
         <name>_CFFT_f32i</name>
         <value>0xa724</value>
         <object_component_ref idref="oc-df"/>
      </symbol>
      <symbol id="sm-466">
         <name>_CFFT_f32it</name>
         <value>0xa85c</value>
         <object_component_ref idref="oc-e5"/>
      </symbol>
      <symbol id="sm-475">
         <name>_CFFT_f32s_mag</name>
         <value>0xb312</value>
         <object_component_ref idref="oc-eb"/>
      </symbol>
      <symbol id="sm-4a5">
         <name>_CFFT_f32t</name>
         <value>0xa000</value>
         <object_component_ref idref="oc-f0"/>
      </symbol>
      <symbol id="sm-4df">
         <name>_CFFT_f32u</name>
         <value>0x9a8c</value>
         <object_component_ref idref="oc-f6"/>
      </symbol>
      <symbol id="sm-519">
         <name>_CFFT_f32ut</name>
         <value>0x9c9e</value>
         <object_component_ref idref="oc-fc"/>
      </symbol>
      <symbol id="sm-542">
         <name>_ICFFT_f32</name>
         <value>0xa1a2</value>
         <object_component_ref idref="oc-102"/>
      </symbol>
      <symbol id="sm-56b">
         <name>_ICFFT_f32t</name>
         <value>0xa31c</value>
         <object_component_ref idref="oc-108"/>
      </symbol>
      <symbol id="sm-598">
         <name>_rfft_adc_f32_Stages4andUp</name>
         <value>0xa67c</value>
         <object_component_ref idref="oc-10e"/>
      </symbol>
      <symbol id="sm-599">
         <name>_RFFT_adc_f32</name>
         <value>0xa5ec</value>
         <object_component_ref idref="oc-10e"/>
      </symbol>
      <symbol id="sm-5b0">
         <name>_RFFT_adc_f32u</name>
         <value>0xb0ca</value>
         <object_component_ref idref="oc-113"/>
      </symbol>
      <symbol id="sm-5dc">
         <name>_rfft_f32_Stages1and2and3andBitReverse</name>
         <value>0xa99d</value>
         <object_component_ref idref="oc-118"/>
      </symbol>
      <symbol id="sm-5dd">
         <name>_rfft_f32_Stages4andUp</name>
         <value>0xaa09</value>
         <object_component_ref idref="oc-118"/>
      </symbol>
      <symbol id="sm-5de">
         <name>_RFFT_f32</name>
         <value>0xa994</value>
         <object_component_ref idref="oc-118"/>
      </symbol>
      <symbol id="sm-5ec">
         <name>_RFFT_adc_f32_win</name>
         <value>0xbb1e</value>
         <object_component_ref idref="oc-11d"/>
      </symbol>
      <symbol id="sm-5fa">
         <name>_RFFT_f32_mag</name>
         <value>0xb168</value>
         <object_component_ref idref="oc-122"/>
      </symbol>
      <symbol id="sm-607">
         <name>_RFFT_f32_phase</name>
         <value>0xbab9</value>
         <object_component_ref idref="oc-127"/>
      </symbol>
      <symbol id="sm-617">
         <name>_RFFT_f32_sincostable</name>
         <value>0xaf8f</value>
         <object_component_ref idref="oc-278"/>
      </symbol>
      <symbol id="sm-61c">
         <name>_FPU32RFFTtwiddleFactors</name>
         <value>0x813c</value>
         <object_component_ref idref="oc-131"/>
      </symbol>
      <symbol id="sm-61d">
         <name>_RFFT_f32_twiddleFactors</name>
         <value>0x813c</value>
         <object_component_ref idref="oc-131"/>
      </symbol>
      <symbol id="sm-62b">
         <name>_RFFT_f32_win</name>
         <value>0xba4c</value>
         <object_component_ref idref="oc-132"/>
      </symbol>
      <symbol id="sm-639">
         <name>_RFFT_f32s_mag</name>
         <value>0xacc8</value>
         <object_component_ref idref="oc-137"/>
      </symbol>
      <symbol id="sm-64f">
         <name>_RFFT_f32u</name>
         <value>0xb28c</value>
         <object_component_ref idref="oc-13c"/>
      </symbol>
      <symbol id="sm-650">
         <name>_rfft_f32u_Stages1and2and3andBitReverse</name>
         <value>0xb295</value>
         <object_component_ref idref="oc-13c"/>
      </symbol>
      <symbol id="sm-665">
         <name>_CFFT_f32_brev</name>
         <value>0xba71</value>
         <object_component_ref idref="oc-141"/>
      </symbol>
      <symbol id="sm-677">
         <name>_CFFT_f32_pack</name>
         <value>0xb67a</value>
         <object_component_ref idref="oc-146"/>
      </symbol>
      <symbol id="sm-689">
         <name>_CFFT_f32_unpack</name>
         <value>0xb3ea</value>
         <object_component_ref idref="oc-14b"/>
      </symbol>
      <symbol id="sm-69a">
         <name>_FIR_f32_init</name>
         <value>0xb8de</value>
         <object_component_ref idref="oc-150"/>
      </symbol>
      <symbol id="sm-69b">
         <name>_FIR_f32_calc</name>
         <value>0xb8ea</value>
         <object_component_ref idref="oc-150"/>
      </symbol>
      <symbol id="sm-6a8">
         <name>_IIR_f32_calc</name>
         <value>0xb727</value>
         <object_component_ref idref="oc-155"/>
      </symbol>
      <symbol id="sm-6a9">
         <name>_IIR_f32_init</name>
         <value>0xb71e</value>
         <object_component_ref idref="oc-155"/>
      </symbol>
      <symbol id="sm-6b6">
         <name>_memcpy_fast</name>
         <value>0xbcde</value>
         <object_component_ref idref="oc-15a"/>
      </symbol>
      <symbol id="sm-6cb">
         <name>_memcpy_fast_far</name>
         <value>0xb512</value>
         <object_component_ref idref="oc-15f"/>
      </symbol>
      <symbol id="sm-6d8">
         <name>_memset_fast</name>
         <value>0xbcec</value>
         <object_component_ref idref="oc-164"/>
      </symbol>
      <symbol id="sm-6e5">
         <name>_abs_SP_CV</name>
         <value>0xb948</value>
         <object_component_ref idref="oc-169"/>
      </symbol>
      <symbol id="sm-6f2">
         <name>_abs_SP_CV_2</name>
         <value>0xb570</value>
         <object_component_ref idref="oc-16e"/>
      </symbol>
      <symbol id="sm-6ff">
         <name>_add_SP_CSxCV</name>
         <value>0xbb9e</value>
         <object_component_ref idref="oc-173"/>
      </symbol>
      <symbol id="sm-70c">
         <name>_add_SP_CVxCV</name>
         <value>0xbb3e</value>
         <object_component_ref idref="oc-178"/>
      </symbol>
      <symbol id="sm-719">
         <name>_iabs_SP_CV</name>
         <value>0xb97a</value>
         <object_component_ref idref="oc-17d"/>
      </symbol>
      <symbol id="sm-726">
         <name>_iabs_SP_CV_2</name>
         <value>0xb6cc</value>
         <object_component_ref idref="oc-182"/>
      </symbol>
      <symbol id="sm-733">
         <name>_mac_SP_CVxCV</name>
         <value>0xb86c</value>
         <object_component_ref idref="oc-187"/>
      </symbol>
      <symbol id="sm-741">
         <name>_mac_SP_RVxCV</name>
         <value>0xb7ee</value>
         <object_component_ref idref="oc-18c"/>
      </symbol>
      <symbol id="sm-74f">
         <name>_mac_SP_i16RVxCV</name>
         <value>0xb7ac</value>
         <object_component_ref idref="oc-191"/>
      </symbol>
      <symbol id="sm-75c">
         <name>_maxidx_SP_RV_2</name>
         <value>0xbc14</value>
         <object_component_ref idref="oc-196"/>
      </symbol>
      <symbol id="sm-769">
         <name>_mean_SP_CV_2</name>
         <value>0xb8a6</value>
         <object_component_ref idref="oc-19b"/>
      </symbol>
      <symbol id="sm-787">
         <name>_mpy_SP_CSxCS</name>
         <value>0xbc7b</value>
         <object_component_ref idref="oc-1aa"/>
      </symbol>
      <symbol id="sm-794">
         <name>_mpy_SP_CVxCV</name>
         <value>0xbbda</value>
         <object_component_ref idref="oc-1af"/>
      </symbol>
      <symbol id="sm-7a1">
         <name>_mpy_SP_CVxCVC</name>
         <value>0xbb5e</value>
         <object_component_ref idref="oc-1b4"/>
      </symbol>
      <symbol id="sm-7b0">
         <name>_mpy_SP_RMxRM</name>
         <value>0xb916</value>
         <object_component_ref idref="oc-1b9"/>
      </symbol>
      <symbol id="sm-7bf">
         <name>_mpy_SP_RMxRM_2</name>
         <value>0xb768</value>
         <object_component_ref idref="oc-1be"/>
      </symbol>
      <symbol id="sm-7cc">
         <name>_mpy_SP_RSxRV_2</name>
         <value>0xbc4d</value>
         <object_component_ref idref="oc-1c3"/>
      </symbol>
      <symbol id="sm-7d9">
         <name>_mpy_SP_RSxRVxRV_2</name>
         <value>0xb9a6</value>
         <object_component_ref idref="oc-1c8"/>
      </symbol>
      <symbol id="sm-7e6">
         <name>_mpy_SP_RVxCV</name>
         <value>0xbc30</value>
         <object_component_ref idref="oc-1cd"/>
      </symbol>
      <symbol id="sm-7f3">
         <name>_mpy_SP_RVxRV_2</name>
         <value>0xbadc</value>
         <object_component_ref idref="oc-1d2"/>
      </symbol>
      <symbol id="sm-809">
         <name>_rnd_SP_RS</name>
         <value>0xbc92</value>
         <object_component_ref idref="oc-1dc"/>
      </symbol>
      <symbol id="sm-816">
         <name>_sub_SP_CSxCV</name>
         <value>0xbbbc</value>
         <object_component_ref idref="oc-1e1"/>
      </symbol>
      <symbol id="sm-823">
         <name>_sub_SP_CVxCV</name>
         <value>0xbb7e</value>
         <object_component_ref idref="oc-1e6"/>
      </symbol>
      <symbol id="sm-834">
         <name>FS$$DIV</name>
         <value>0xb204</value>
         <object_component_ref idref="oc-1eb"/>
      </symbol>
      <symbol id="sm-863">
         <name>_atan2f</name>
         <value>0xaebd</value>
         <object_component_ref idref="oc-259"/>
      </symbol>
      <symbol id="sm-865">
         <name>_atan2</name>
         <value>0xaebd</value>
         <object_component_ref idref="oc-259"/>
      </symbol>
      <symbol id="sm-88a">
         <name>_atan</name>
         <value>0xb000</value>
         <object_component_ref idref="oc-263"/>
      </symbol>
      <symbol id="sm-88b">
         <name>_atanf</name>
         <value>0xb000</value>
         <object_component_ref idref="oc-263"/>
      </symbol>
      <symbol id="sm-8a7">
         <name>_c_int00</name>
         <value>0xb623</value>
         <object_component_ref idref="oc-1fc"/>
      </symbol>
      <symbol id="sm-8a8">
         <name>__stack</name>
         <value>0x400</value>
         <object_component_ref idref="oc-1fd"/>
      </symbol>
      <symbol id="sm-8b7">
         <name>__args_main</name>
         <value>0x9fed</value>
         <object_component_ref idref="oc-25d"/>
      </symbol>
      <symbol id="sm-8c5">
         <name>__system_post_cinit</name>
         <value>0x9a8b</value>
         <object_component_ref idref="oc-25c"/>
      </symbol>
      <symbol id="sm-8d2">
         <name>__system_pre_init</name>
         <value>0xaffc</value>
         <object_component_ref idref="oc-25a"/>
      </symbol>
      <symbol id="sm-8e2">
         <name>_copy_in</name>
         <value>0xba95</value>
         <object_component_ref idref="oc-25b"/>
      </symbol>
      <symbol id="sm-8f1">
         <name>_cos</name>
         <value>0xb44f</value>
         <object_component_ref idref="oc-27d"/>
      </symbol>
      <symbol id="sm-8f2">
         <name>_cosf</name>
         <value>0xb44f</value>
         <object_component_ref idref="oc-27d"/>
      </symbol>
      <symbol id="sm-907">
         <name>C$$EXIT</name>
         <value>0xb9d2</value>
         <object_component_ref idref="oc-25e"/>
      </symbol>
      <symbol id="sm-908">
         <name>_exit</name>
         <value>0xb9d4</value>
         <object_component_ref idref="oc-25e"/>
      </symbol>
      <symbol id="sm-90a">
         <name>___TI_cleanup_ptr</name>
         <value>0xcbf6</value>
         <object_component_ref idref="oc-21e"/>
      </symbol>
      <symbol id="sm-90b">
         <name>___TI_enable_exit_profile_output</name>
         <value>0xcbf4</value>
         <object_component_ref idref="oc-21e"/>
      </symbol>
      <symbol id="sm-90c">
         <name>_abort</name>
         <value>0xb9d2</value>
         <object_component_ref idref="oc-25e"/>
      </symbol>
      <symbol id="sm-90e">
         <name>___TI_dtors_ptr</name>
         <value>0xcbf8</value>
         <object_component_ref idref="oc-21e"/>
      </symbol>
      <symbol id="sm-922">
         <name>__unlock</name>
         <value>0xcbbc</value>
         <object_component_ref idref="oc-27c"/>
      </symbol>
      <symbol id="sm-923">
         <name>__lock</name>
         <value>0xcb3e</value>
         <object_component_ref idref="oc-266"/>
      </symbol>
      <symbol id="sm-924">
         <name>__register_lock</name>
         <value>0xbcd1</value>
         <object_component_ref idref="oc-272"/>
      </symbol>
      <symbol id="sm-926">
         <name>__nop</name>
         <value>0xbcd5</value>
         <object_component_ref idref="oc-272"/>
      </symbol>
      <symbol id="sm-928">
         <name>__register_unlock</name>
         <value>0xbccd</value>
         <object_component_ref idref="oc-272"/>
      </symbol>
      <symbol id="sm-93a">
         <name>_memcpy</name>
         <value>0xbbf7</value>
         <object_component_ref idref="oc-264"/>
      </symbol>
      <symbol id="sm-949">
         <name>_memset</name>
         <value>0xbce5</value>
         <object_component_ref idref="oc-27b"/>
      </symbol>
      <symbol id="sm-9a2">
         <name>_powf</name>
         <value>0x93e9</value>
         <object_component_ref idref="oc-252"/>
      </symbol>
      <symbol id="sm-9a4">
         <name>_pow</name>
         <value>0x93e9</value>
         <object_component_ref idref="oc-252"/>
      </symbol>
      <symbol id="sm-9ae">
         <name>_errno</name>
         <value>0xcbbe</value>
         <object_component_ref idref="oc-23a"/>
      </symbol>
      <symbol id="sm-9c6">
         <name>_scalbn</name>
         <value>0xb5cb</value>
         <object_component_ref idref="oc-262"/>
      </symbol>
      <symbol id="sm-9c7">
         <name>_ldexp</name>
         <value>0xb5cb</value>
         <object_component_ref idref="oc-262"/>
      </symbol>
      <symbol id="sm-9c8">
         <name>_scalbnf</name>
         <value>0xb5cb</value>
         <object_component_ref idref="oc-262"/>
      </symbol>
      <symbol id="sm-9ca">
         <name>_ldexpf</name>
         <value>0xb5cb</value>
         <object_component_ref idref="oc-262"/>
      </symbol>
      <symbol id="sm-9d6">
         <name>_copysignf</name>
         <value>0xbcbc</value>
         <object_component_ref idref="oc-268"/>
      </symbol>
      <symbol id="sm-9d8">
         <name>_copysign</name>
         <value>0xbcbc</value>
         <object_component_ref idref="oc-268"/>
      </symbol>
      <symbol id="sm-9e5">
         <name>_sin</name>
         <value>0xb384</value>
         <object_component_ref idref="oc-27e"/>
      </symbol>
      <symbol id="sm-9e6">
         <name>_sinf</name>
         <value>0xb384</value>
         <object_component_ref idref="oc-27e"/>
      </symbol>
      <symbol id="sm-9f7">
         <name>_sqrtf</name>
         <value>0xba24</value>
         <object_component_ref idref="oc-253"/>
      </symbol>
      <symbol id="sm-9f9">
         <name>_sqrt</name>
         <value>0xba24</value>
         <object_component_ref idref="oc-253"/>
      </symbol>
   </symbol_table>
   <title>Link successful</title>
</link_info>
